Testing Wan I2V with Key: FOUND

--- Testing Model: wan2.1-i2v-720p | Endpoint: https://dashscope-intl.aliyuncs.com/api/v1/services/aigc/video-generation/video-synthesis ---
node : FAILED!
At line:1 char:1
+ node test-i2v.js > 
test-output.txt 2>&1; 
type test-output.txt
+ ~~~~~~~~~~~~~~~~~~~~~
~~~~~~~~~~~~~~~~~~
    + CategoryInfo     
         : NotSpecifi  
  ed: (FAILED!:Strin   
 g) [], RemoteExcep    
tion
    + FullyQualifiedEr 
   rorId : NativeComm  
  andError
 
Status: 400
Data: {"code":"InvalidP
arameter","message":"Mo
del not exist.","reques
t_id":"e8fa7460-8b72-96
12-89b8-7cde4d4cafb9"}

--- Testing Model: wan2.1-i2v-720p | Endpoint: https://dashscope-intl.aliyuncs.com/api/v1/services/aigc/image2video/video-synthesis ---
FAILED!
Status: 400
Data: {"code":"InvalidP
arameter","message":"Mo
del not exist.","reques
t_id":"a6229fda-e856-9a
32-b294-d2d6a77def92"}

--- Testing Model: wan2.1-i2v-plus | Endpoint: https://dashscope-intl.aliyuncs.com/api/v1/services/aigc/video-generation/video-synthesis ---
SUCCESS! Task ID: 05cd0d78-4dc8-4e2c-b031-1b9bc42b3a88

--- Testing Model: wan2.1-i2v-plus | Endpoint: https://dashscope-intl.aliyuncs.com/api/v1/services/aigc/image2video/video-synthesis ---
FAILED!
Status: 400
Data: {"request_id":"86
31adf0-094b-996a-b9b7-f
490b3a89aac","code":"In
validParameter","messag
e":"url error, please 
check url´╝ü For 
details, see: https://w
ww.alibabacloud.com/hel
p/en/model-studio/error
-code#error-url"}
